// Jest Snapshot v1, https://goo.gl/fbAQLP

exports[`DeleteAccountCard should render 1`] = `
<DeleteAccountCard
  account={
    Object {
      "_id": "1865a2e044414a15aebbad75ca96c5cc",
    }
  }
  onSuccess={[MockFunction]}
/>
`;
