// Jest Snapshot v1, https://goo.gl/fbAQLP

exports[`WebsiteLinkCard should render 1`] = `
<withI18n(WebsiteLinkCard)
  link="https://fc.assure.ameli.fr/FRCO-app/login"
/>
`;
