// Jest Snapshot v1, https://goo.gl/fbAQLP

exports[`has-many helpers should work 1`] = `
Object {
  "_id": "doc-1",
  "label": "Document 1",
  "relationships": Object {
    "author": Object {
      "data": Object {
        "_id": "author-1",
        "_type": "io.cozy.authors",
      },
    },
    "books": Object {
      "data": Array [
        Object {
          "_id": "book-1",
          "_type": "io.cozy.books",
        },
        Object {
          "_id": "book-2",
          "_type": "io.cozy.books",
          "metadata": Object {
            "read": true,
          },
        },
        Object {
          "_id": "book-3",
          "_type": "io.cozy.books",
        },
      ],
    },
  },
}
`;

exports[`has-many helpers should work 2`] = `
Object {
  "_id": "doc-1",
  "label": "Document 1",
  "relationships": Object {
    "author": Object {
      "data": Object {
        "_id": "author-1",
        "_type": "io.cozy.authors",
      },
    },
    "books": Object {
      "data": Array [
        Object {
          "_id": "book-1",
          "_type": "io.cozy.books",
        },
        Object {
          "_id": "book-2",
          "_type": "io.cozy.books",
          "metadata": Object {
            "read": true,
          },
        },
        Object {
          "_id": "book-3",
          "_type": "io.cozy.books",
          "metadata": Object {
            "read": true,
          },
        },
      ],
    },
  },
}
`;
