// Jest Snapshot v1, https://goo.gl/fbAQLP

exports[`TriggerManager when given an oauth konnector should redirect to OAuthForm 1`] = `
<withI18n(withConnectionFlow(OAuthForm))
  flow={
    ConnectionFlow {
      "client": CozyClient {
        "appMetadata": Object {},
        "chain": CozyLink {
          "request": [Function],
        },
        "client": CozyStackClient {
          "jobs": JobCollection {
            "stackClient": CozyStackClient {
              "jobs": [Circular],
              "konnectors": KonnectorCollection {
                "doctype": "io.cozy.konnectors",
                "endpoint": "/konnectors/",
                "indexes": Object {},
                "stackClient": [Circular],
              },
              "options": Object {
                "onRevocationChange": [Function],
                "onTokenRefresh": [Function],
              },
              "token": null,
              "uri": "",
            },
          },
          "konnectors": KonnectorCollection {
            "doctype": "io.cozy.konnectors",
            "endpoint": "/konnectors/",
            "indexes": Object {},
            "stackClient": CozyStackClient {
              "jobs": JobCollection {
                "stackClient": [Circular],
              },
              "konnectors": [Circular],
              "options": Object {
                "onRevocationChange": [Function],
                "onTokenRefresh": [Function],
              },
              "token": null,
              "uri": "",
            },
          },
          "options": Object {
            "onRevocationChange": [Function],
            "onTokenRefresh": [Function],
          },
          "token": null,
          "uri": "",
        },
        "handleRevocationChange": [Function],
        "handleTokenRefresh": [Function],
        "idCounter": 1,
        "instanceOptions": Object {},
        "isLogged": false,
        "links": Array [
          StackLink {
            "stackClient": CozyStackClient {
              "jobs": JobCollection {
                "stackClient": [Circular],
              },
              "konnectors": KonnectorCollection {
                "doctype": "io.cozy.konnectors",
                "endpoint": "/konnectors/",
                "indexes": Object {},
                "stackClient": [Circular],
              },
              "options": Object {
                "onRevocationChange": [Function],
                "onTokenRefresh": [Function],
              },
              "token": null,
              "uri": "",
            },
          },
        ],
        "options": Object {},
        "plugins": Object {},
        "schema": Schema {
          "byDoctype": Object {},
          "client": CozyStackClient {
            "jobs": JobCollection {
              "stackClient": [Circular],
            },
            "konnectors": KonnectorCollection {
              "doctype": "io.cozy.konnectors",
              "endpoint": "/konnectors/",
              "indexes": Object {},
              "stackClient": [Circular],
            },
            "options": Object {
              "onRevocationChange": [Function],
              "onTokenRefresh": [Function],
            },
            "token": null,
            "uri": "",
          },
        },
        "stackClient": CozyStackClient {
          "jobs": JobCollection {
            "stackClient": [Circular],
          },
          "konnectors": KonnectorCollection {
            "doctype": "io.cozy.konnectors",
            "endpoint": "/konnectors/",
            "indexes": Object {},
            "stackClient": [Circular],
          },
          "options": Object {
            "onRevocationChange": [Function],
            "onTokenRefresh": [Function],
          },
          "token": null,
          "uri": "",
        },
      },
      "data": Object {},
      "getKonnectorSlug": [Function],
      "getTwoFACodeProvider": [Function],
      "handleAccountUpdated": [Function],
      "handleJobUpdated": [Function],
      "handleTwoFA": [Function],
      "konnector": Object {
        "oauth": Object {
          "scope": "test",
        },
      },
      "launch": [Function],
      "realtime": CozyRealtime {
        "client": CozyClient {
          "appMetadata": Object {},
          "chain": CozyLink {
            "request": [Function],
          },
          "client": CozyStackClient {
            "jobs": JobCollection {
              "stackClient": CozyStackClient {
                "jobs": [Circular],
                "konnectors": KonnectorCollection {
                  "doctype": "io.cozy.konnectors",
                  "endpoint": "/konnectors/",
                  "indexes": Object {},
                  "stackClient": [Circular],
                },
                "options": Object {
                  "onRevocationChange": [Function],
                  "onTokenRefresh": [Function],
                },
                "token": null,
                "uri": "",
              },
            },
            "konnectors": KonnectorCollection {
              "doctype": "io.cozy.konnectors",
              "endpoint": "/konnectors/",
              "indexes": Object {},
              "stackClient": CozyStackClient {
                "jobs": JobCollection {
                  "stackClient": [Circular],
                },
                "konnectors": [Circular],
                "options": Object {
                  "onRevocationChange": [Function],
                  "onTokenRefresh": [Function],
                },
                "token": null,
                "uri": "",
              },
            },
            "options": Object {
              "onRevocationChange": [Function],
              "onTokenRefresh": [Function],
            },
            "token": null,
            "uri": "",
          },
          "handleRevocationChange": [Function],
          "handleTokenRefresh": [Function],
          "idCounter": 1,
          "instanceOptions": Object {},
          "isLogged": false,
          "links": Array [
            StackLink {
              "stackClient": CozyStackClient {
                "jobs": JobCollection {
                  "stackClient": [Circular],
                },
                "konnectors": KonnectorCollection {
                  "doctype": "io.cozy.konnectors",
                  "endpoint": "/konnectors/",
                  "indexes": Object {},
                  "stackClient": [Circular],
                },
                "options": Object {
                  "onRevocationChange": [Function],
                  "onTokenRefresh": [Function],
                },
                "token": null,
                "uri": "",
              },
            },
          ],
          "options": Object {},
          "plugins": Object {},
          "schema": Schema {
            "byDoctype": Object {},
            "client": CozyStackClient {
              "jobs": JobCollection {
                "stackClient": [Circular],
              },
              "konnectors": KonnectorCollection {
                "doctype": "io.cozy.konnectors",
                "endpoint": "/konnectors/",
                "indexes": Object {},
                "stackClient": [Circular],
              },
              "options": Object {
                "onRevocationChange": [Function],
                "onTokenRefresh": [Function],
              },
              "token": null,
              "uri": "",
            },
          },
          "stackClient": CozyStackClient {
            "jobs": JobCollection {
              "stackClient": [Circular],
            },
            "konnectors": KonnectorCollection {
              "doctype": "io.cozy.konnectors",
              "endpoint": "/konnectors/",
              "indexes": Object {},
              "stackClient": [Circular],
            },
            "options": Object {
              "onRevocationChange": [Function],
              "onTokenRefresh": [Function],
            },
            "token": null,
            "uri": "",
          },
        },
        "onClientLogin": [Function],
        "onClientLogout": [Function],
        "onClientTokenRefreshed": [Function],
        "onDeviceReady": [Function],
        "onOffline": [Function],
        "onOnline": [Function],
        "onResume": [Function],
        "onVisibilityChange": [Function],
        "onWebSocketClose": [Function],
        "onWebSocketError": [Function],
        "onWebSocketMessage": [Function],
        "onWebSocketOpen": [Function],
        "retryManager": RetryManager {
          "_events": Object {
            "error": Array [
              [Function],
            ],
          },
          "baseWaitAfterFirstFailure": 128,
          "maxWaitBetweenRetries": 300000,
          "onFailure": [Function],
          "onSuccess": [Function],
          "onSuccessAcknowledged": [Function],
          "raiseErrorAfterAttempts": 8,
          "retries": 0,
          "timeBeforeSuccessful": 1200,
          "wait": 0,
        },
        "subscriptions": SubscriptionList {
          "subscriptions": Array [],
        },
      },
      "sendTwoFACode": [Function],
      "state": Object {
        "status": "IDLE",
      },
      "trigger": undefined,
      "twoFAWaiters": Array [],
      "unsubscribeAllRealtime": null,
      "unwatch": [Function],
    }
  }
  konnector={
    Object {
      "oauth": Object {
        "scope": "test",
      },
    }
  }
  onSuccess={[Function]}
/>
`;
