// Jest Snapshot v1, https://goo.gl/fbAQLP

exports[`TriggerLauncher should render 1`] = `
<React.Fragment>
  <Child />
</React.Fragment>
`;
