// Jest Snapshot v1, https://goo.gl/fbAQLP

exports[`KonnectorAccounts should show a spinner 1`] = `
<React.Fragment>
  <KonnectorModalHeader
    konnector={Object {}}
  />
  <WithStyles(DialogContent)
    className="u-pb-2"
  >
    <div
      className="u-pv-2 u-ta-center"
    >
      <withI18n(Spinner)
        size="xxlarge"
      />
    </div>
  </WithStyles(DialogContent)>
</React.Fragment>
`;
