// Jest Snapshot v1, https://goo.gl/fbAQLP

exports[`Popup should render 1`] = `null`;
