// Jest Snapshot v1, https://goo.gl/fbAQLP

exports[`InputWithUnit component should match snapshot 1`] = `
<div>
  <InputGroup
    append={
      <ForwardRef
        className="u-pr-1"
        ellipsis={false}
        tag="div"
      >
        â‚¬ 
      </ForwardRef>
    }
    error={false}
    fullwidth={false}
  >
    <Input
      error={false}
      fullwidth={false}
      onBlur={[Function]}
      onChange={[Function]}
      onFocus={[Function]}
      size="large"
      step="1"
      type="number"
    />
  </InputGroup>
</div>
`;
